py : C:\Users\Owner\kowaps\news-radar\generate
_briefing.py:1: FutureWarning: 
위치 줄:1 문자:1
+ py generate_briefing.py > test_output.txt 2>
&1
+ ~~~~~~~~~~~~~~~~~~~~~~~~~~~~~~~~~~~~~~~~~~~~
~~
    + CategoryInfo          : NotSpecified: ( 
   C:\Users\Owner\...FutureWarning: :String)  
   [], RemoteException
    + FullyQualifiedErrorId : NativeCommandEr 
   ror
 

All support for the `google.generativeai` pack
age has ended. It will no longer be receiving 
updates or bug fixes. Please switch to the `go
ogle.genai` package as soon as possible.
See README for more details:

https://github.com/google-gemini/deprecated-ge
nerative-ai-python/blob/main/README.md

  import google.generativeai as genai
최근 7일간의 뉴스 총 24건 분석 중...
GEMINI_API_KEY 환경 변수가 설정되어 있지 않습니다.
